============================= test session starts =============================
platform win32 -- Python 3.12.8, pytest-8.3.5, pluggy-1.5.0 -- C:\sp2\agent-data-readiness-index\venv\Scripts\python.exe
cachedir: .pytest_cache
rootdir: C:\sp2\agent-data-readiness-index
configfile: pyproject.toml
plugins: anyio-4.9.0
collecting ... collected 32 items

tests/unit/connectors/test_file.py::test_file_connector_registration PASSED [  3%]
tests/unit/connectors/test_file.py::test_file_connector_initialization PASSED [  6%]
tests/unit/connectors/test_file.py::test_file_connector_metadata PASSED  [  9%]
tests/unit/connectors/test_file.py::test_file_connector_schema PASSED    [ 12%]
tests/unit/connectors/test_file.py::test_file_connector_sample_data PASSED [ 15%]
tests/unit/connectors/test_file.py::test_file_connector_completeness_results PASSED [ 18%]
tests/unit/connectors/test_file.py::test_file_connector_freshness_results PASSED [ 21%]
tests/unit/connectors/test_file.py::test_file_connector_with_low_quality_data PASSED [ 25%]
tests/unit/connectors/test_file.py::test_file_connector_agent_accessibility PASSED [ 28%]
tests/unit/dimensions/test_completeness.py::test_completeness_registration PASSED [ 31%]
tests/unit/dimensions/test_completeness.py::test_completeness_assessment_with_good_data PASSED [ 34%]
tests/unit/dimensions/test_completeness.py::test_completeness_assessment_with_no_data PASSED [ 37%]
tests/unit/dimensions/test_completeness.py::test_completeness_assessment_with_partial_data PASSED [ 40%]
tests/unit/dimensions/test_completeness.py::test_completeness_assessment_with_full_data PASSED [ 43%]
tests/unit/integrations/test_guard.py::test_guard_decorator_with_good_data PASSED [ 46%]
tests/unit/integrations/test_guard.py::test_guard_decorator_blocks_low_quality_data PASSED [ 50%]
tests/unit/integrations/test_guard.py::test_guard_decorator_with_custom_parameter_name PASSED [ 53%]
tests/unit/integrations/test_guard.py::test_guard_decorator_with_positional_args PASSED [ 56%]
tests/unit/integrations/test_guard.py::test_guard_decorator_with_keyword_args PASSED [ 59%]
tests/unit/integrations/test_guard.py::test_guard_decorator_missing_parameter PASSED [ 62%]
tests/unit/integrations/test_guard.py::test_guard_decorator_with_mocked_assessor PASSED [ 65%]
tests/unit/integrations/test_guard.py::test_guard_decorator_with_mocked_assessor_failing PASSED [ 68%]
tests/unit/test_assessor.py::test_assessor_initialization PASSED         [ 71%]
tests/unit/test_assessor.py::test_assessor_initialization_with_config PASSED [ 75%]
tests/unit/test_assessor.py::test_assessor_initialization_with_dimensions PASSED [ 78%]
tests/unit/test_assessor.py::test_assess_file PASSED                     [ 81%]
tests/unit/test_assessor.py::test_assess_with_connector PASSED           [ 84%]
tests/unit/test_assessor.py::test_assess_source PASSED                   [ 87%]
tests/unit/test_assessor.py::test_assess_from_config PASSED              [ 90%]
tests/unit/test_interactive.py::test_interactive_mode_file_assessment PASSED [ 93%]
tests/unit/test_interactive.py::test_interactive_mode_with_customization PASSED [ 96%]
tests/unit/test_interactive.py::test_interactive_mode_error_handling PASSED [100%]

============================= 32 passed in 0.98s ==============================
